// Jest Snapshot v1, https://goo.gl/fbAQLP

exports[`matches snapshot 1`] = `
<div>
  <img
    alt="AC"
    class="Card"
    src="https://deckofcardsapi.com/static/img/AC.png"
  />
</div>
`;
